2026-03-16 13:51:41 | INFO     | bank_credit_pipeline.probe | ======================================================================
2026-03-16 13:51:41 | INFO     | bank_credit_pipeline.probe | SONDAGEM DA API IFDATA - INÍCIO
2026-03-16 13:51:41 | INFO     | bank_credit_pipeline.probe | ======================================================================
2026-03-16 13:51:41 | INFO     | bank_credit_pipeline.probe | Período de sondagem: 202506
2026-03-16 13:51:41 | INFO     | bank_credit_pipeline.probe | --------------------------------------------------
2026-03-16 13:51:41 | INFO     | bank_credit_pipeline.probe | 1. Listando relatórios disponíveis...
2026-03-16 13:51:41 | DEBUG    | bank_credit_pipeline.sources.ifdata._make_request | Requisição (tentativa 1): https://olinda.bcb.gov.br/olinda/servico/IFDATA/versao/v1/odata/ListaDeRelatorio()?$format=json
2026-03-16 13:51:42 | DEBUG    | bank_credit_pipeline.sources.ifdata._make_request | URL final enviada: https://olinda.bcb.gov.br/olinda/servico/IFDATA/versao/v1/odata/ListaDeRelatorio()?$format=json
2026-03-16 13:51:42 | INFO     | bank_credit_pipeline.sources.ifdata.get_report_list | Lista de relatórios obtida: 16 entradas
2026-03-16 13:51:42 | INFO     | bank_credit_pipeline.probe |    16 entradas na lista de relatórios
2026-03-16 13:51:42 | INFO     | bank_credit_pipeline.probe |    Colunas: ['NomeRelatorio', 'NumeroRelatorio']
2026-03-16 13:51:42 | INFO     | bank_credit_pipeline.probe | --------------------------------------------------
2026-03-16 13:51:42 | INFO     | bank_credit_pipeline.probe | 2. Sondando cadastro de instituições...
2026-03-16 13:51:42 | DEBUG    | bank_credit_pipeline.sources.ifdata._make_request | Requisição (tentativa 1): https://olinda.bcb.gov.br/olinda/servico/IFDATA/versao/v1/odata/IfDataCadastro(AnoMes=202506)?$format=json&$top=10000
2026-03-16 13:51:51 | DEBUG    | bank_credit_pipeline.sources.ifdata._make_request | URL final enviada: https://olinda.bcb.gov.br/olinda/servico/IFDATA/versao/v1/odata/IfDataCadastro(AnoMes=202506)?$format=json&$top=10000
2026-03-16 13:51:51 | INFO     | bank_credit_pipeline.sources.ifdata.get_cadastro | Cadastro obtido: período=202506, instituições=5739
2026-03-16 13:51:51 | INFO     | bank_credit_pipeline.probe |    5739 instituições encontradas
2026-03-16 13:51:51 | INFO     | bank_credit_pipeline.probe |    Colunas: ['CodInst', 'Data', 'NomeInstituicao', 'DataInicioAtividade', 'Tcb', 'Td', 'Tc', 'SegmentoTb', 'Atividade', 'Uf', 'Municipio', 'Sr', 'CodConglomeradoFinanceiro', 'CodConglomeradoPrudencial', 'CnpjInstituicaoLider', 'Situacao']
2026-03-16 13:51:51 | INFO     | bank_credit_pipeline.sources.ifdata.discover_bank_code | Banco descoberto por match exato: 'ITAU - PRUDENCIAL' -> CodInst=C0080099 (nome='ITAU - PRUDENCIAL', período=202506)
2026-03-16 13:51:52 | INFO     | bank_credit_pipeline.sources.ifdata.discover_bank_code | Banco descoberto por match exato: 'BRADESCO - PRUDENCIAL' -> CodInst=C0080075 (nome='BRADESCO - PRUDENCIAL', período=202506)
2026-03-16 13:51:52 | INFO     | bank_credit_pipeline.sources.ifdata.discover_bank_code | Banco descoberto por match exato: 'BANCO SANTANDER (BRASIL) S.A.' -> CodInst=90400888 (nome='BANCO SANTANDER (BRASIL) S.A.', período=202506)
2026-03-16 13:51:52 | INFO     | bank_credit_pipeline.sources.ifdata.discover_bank_code | Banco descoberto por match exato: 'BANCO DO BRASIL S.A.' -> CodInst=00000000 (nome='BANCO DO BRASIL S.A.', período=202506)
2026-03-16 13:51:52 | INFO     | bank_credit_pipeline.sources.ifdata.discover_bank_code | Banco descoberto por match exato: 'BMG - PRUDENCIAL' -> CodInst=C0080178 (nome='BMG - PRUDENCIAL', período=202506)
2026-03-16 13:51:52 | INFO     | bank_credit_pipeline.sources.ifdata.discover_bank_code | Banco descoberto por match exato: 'PINE - PRUDENCIAL' -> CodInst=C0080374 (nome='PINE - PRUDENCIAL', período=202506)
2026-03-16 13:51:52 | INFO     | bank_credit_pipeline.sources.ifdata.discover_bank_code | Banco descoberto por match exato: 'BANCO INTER S.A.' -> CodInst=00416968 (nome='BANCO INTER S.A.', período=202506)
2026-03-16 13:51:52 | INFO     | bank_credit_pipeline.sources.ifdata.discover_bank_code | Banco descoberto por match exato: 'BANCO DO ESTADO DO RIO GRANDE DO SUL S.A.' -> CodInst=92702067 (nome='BANCO DO ESTADO DO RIO GRANDE DO SUL S.A.', período=202506)
2026-03-16 13:51:52 | INFO     | bank_credit_pipeline.sources.ifdata.discover_bank_code | Banco descoberto por match exato: 'ABC-BRASIL - PRUDENCIAL' -> CodInst=C0080312 (nome='ABC-BRASIL - PRUDENCIAL', período=202506)
2026-03-16 13:51:52 | INFO     | bank_credit_pipeline.sources.ifdata.discover_bank_code | Banco descoberto por match exato: 'BTG PACTUAL - PRUDENCIAL' -> CodInst=C0080336 (nome='BTG PACTUAL - PRUDENCIAL', período=202506)
2026-03-16 13:51:52 | WARNING  | bank_credit_pipeline.sources.ifdata.discover_bank_code | Múltiplos ou amplos matches para 'NU FINANCEIRA S.A.'. Usando melhor candidato: CodInst=30680829, nome='NU FINANCEIRA S.A. - SOCIEDADE DE CRÉDITO, FINANCIAMENTO E INVESTIMENTO'. Alguns candidatos: ['NU FINANCEIRA S.A. - SOCIEDADE DE CRÉDITO, FINANCIAMENTO E INVESTIMENTO', 'NU PAGAMENTOS S.A. - INSTITUIÇÃO DE PAGAMENTO']
2026-03-16 13:51:52 | INFO     | bank_credit_pipeline.sources.ifdata.discover_bank_code | Banco descoberto por match exato: 'BANCO DAYCOVAL S.A.' -> CodInst=62232889 (nome='BANCO DAYCOVAL S.A.', período=202506)
2026-03-16 13:51:53 | INFO     | bank_credit_pipeline.sources.ifdata.discover_bank_code | Banco descoberto por match exato: 'AGIBANK - PRUDENCIAL' -> CodInst=C0083694 (nome='AGIBANK - PRUDENCIAL', período=202506)
2026-03-16 13:51:53 | INFO     | bank_credit_pipeline.probe | --------------------------------------------------
2026-03-16 13:51:53 | INFO     | bank_credit_pipeline.probe | 3. Sondando relatórios de dados...
2026-03-16 13:51:53 | INFO     | bank_credit_pipeline.sources.ifdata.discover_bank_code | Banco descoberto por match exato: 'ITAU - PRUDENCIAL' -> CodInst=C0080099 (nome='ITAU - PRUDENCIAL', período=202506)
2026-03-16 13:51:53 | INFO     | bank_credit_pipeline.probe |    Relatório 'resumo' (código=1)...
2026-03-16 13:51:53 | DEBUG    | bank_credit_pipeline.sources.ifdata._make_request | Requisição (tentativa 1): https://olinda.bcb.gov.br/olinda/servico/IFDATA/versao/v1/odata/IfDataValores(AnoMes=@AnoMes,TipoInstituicao=@TipoInstituicao,Relatorio=@Relatorio)?@AnoMes=202506&@TipoInstituicao=2&@Relatorio='1'&$format=json&$top=10000
2026-03-16 13:52:29 | DEBUG    | bank_credit_pipeline.sources.ifdata._make_request | URL final enviada: https://olinda.bcb.gov.br/olinda/servico/IFDATA/versao/v1/odata/IfDataValores(AnoMes=@AnoMes,TipoInstituicao=@TipoInstituicao,Relatorio=@Relatorio)?@AnoMes=202506&@TipoInstituicao=2&@Relatorio='1'&$format=json&$top=10000
2026-03-16 13:52:29 | INFO     | bank_credit_pipeline.sources.ifdata.get_report_data | Relatório 1, período=202506, tipo=2, página=1, linhas=9618
2026-03-16 13:52:29 | INFO     | bank_credit_pipeline.sources.ifdata.get_report_data | Relatório extraído: período=202506, tipo=2, relatório=1, linhas_totais=9618
2026-03-16 13:52:29 | INFO     | bank_credit_pipeline.probe |    9618 linhas, 10 colunas, tipo usado=2
2026-03-16 13:52:31 | INFO     | bank_credit_pipeline.probe |    Relatório 'ativo' (código=2)...
2026-03-16 13:52:31 | DEBUG    | bank_credit_pipeline.sources.ifdata._make_request | Requisição (tentativa 1): https://olinda.bcb.gov.br/olinda/servico/IFDATA/versao/v1/odata/IfDataValores(AnoMes=@AnoMes,TipoInstituicao=@TipoInstituicao,Relatorio=@Relatorio)?@AnoMes=202506&@TipoInstituicao=2&@Relatorio='2'&$format=json&$top=10000
2026-03-16 13:52:51 | DEBUG    | bank_credit_pipeline.sources.ifdata._make_request | URL final enviada: https://olinda.bcb.gov.br/olinda/servico/IFDATA/versao/v1/odata/IfDataValores(AnoMes=@AnoMes,TipoInstituicao=@TipoInstituicao,Relatorio=@Relatorio)?@AnoMes=202506&@TipoInstituicao=2&@Relatorio='2'&$format=json&$top=10000
2026-03-16 13:52:51 | INFO     | bank_credit_pipeline.sources.ifdata.get_report_data | Relatório 2, período=202506, tipo=2, página=1, linhas=10000
2026-03-16 13:52:51 | DEBUG    | bank_credit_pipeline.sources.ifdata._make_request | Requisição (tentativa 1): https://olinda.bcb.gov.br/olinda/servico/IFDATA/versao/v1/odata/IfDataValores(AnoMes=@AnoMes,TipoInstituicao=@TipoInstituicao,Relatorio=@Relatorio)?@AnoMes=202506&@TipoInstituicao=2&@Relatorio='2'&$format=json&$top=10000&$skip=10000
2026-03-16 13:53:08 | DEBUG    | bank_credit_pipeline.sources.ifdata._make_request | URL final enviada: https://olinda.bcb.gov.br/olinda/servico/IFDATA/versao/v1/odata/IfDataValores(AnoMes=@AnoMes,TipoInstituicao=@TipoInstituicao,Relatorio=@Relatorio)?@AnoMes=202506&@TipoInstituicao=2&@Relatorio='2'&$format=json&$top=10000&$skip=10000
2026-03-16 13:53:08 | INFO     | bank_credit_pipeline.sources.ifdata.get_report_data | Relatório 2, período=202506, tipo=2, página=2, linhas=10000
2026-03-16 13:53:08 | DEBUG    | bank_credit_pipeline.sources.ifdata._make_request | Requisição (tentativa 1): https://olinda.bcb.gov.br/olinda/servico/IFDATA/versao/v1/odata/IfDataValores(AnoMes=@AnoMes,TipoInstituicao=@TipoInstituicao,Relatorio=@Relatorio)?@AnoMes=202506&@TipoInstituicao=2&@Relatorio='2'&$format=json&$top=10000&$skip=20000
2026-03-16 13:53:35 | DEBUG    | bank_credit_pipeline.sources.ifdata._make_request | URL final enviada: https://olinda.bcb.gov.br/olinda/servico/IFDATA/versao/v1/odata/IfDataValores(AnoMes=@AnoMes,TipoInstituicao=@TipoInstituicao,Relatorio=@Relatorio)?@AnoMes=202506&@TipoInstituicao=2&@Relatorio='2'&$format=json&$top=10000&$skip=20000
2026-03-16 13:53:35 | INFO     | bank_credit_pipeline.sources.ifdata.get_report_data | Relatório 2, período=202506, tipo=2, página=3, linhas=10000
2026-03-16 13:53:35 | DEBUG    | bank_credit_pipeline.sources.ifdata._make_request | Requisição (tentativa 1): https://olinda.bcb.gov.br/olinda/servico/IFDATA/versao/v1/odata/IfDataValores(AnoMes=@AnoMes,TipoInstituicao=@TipoInstituicao,Relatorio=@Relatorio)?@AnoMes=202506&@TipoInstituicao=2&@Relatorio='2'&$format=json&$top=10000&$skip=30000
2026-03-16 13:53:49 | DEBUG    | bank_credit_pipeline.sources.ifdata._make_request | URL final enviada: https://olinda.bcb.gov.br/olinda/servico/IFDATA/versao/v1/odata/IfDataValores(AnoMes=@AnoMes,TipoInstituicao=@TipoInstituicao,Relatorio=@Relatorio)?@AnoMes=202506&@TipoInstituicao=2&@Relatorio='2'&$format=json&$top=10000&$skip=30000
2026-03-16 13:53:49 | INFO     | bank_credit_pipeline.sources.ifdata.get_report_data | Relatório 2, período=202506, tipo=2, página=4, linhas=2976
2026-03-16 13:53:49 | INFO     | bank_credit_pipeline.sources.ifdata.get_report_data | Relatório extraído: período=202506, tipo=2, relatório=2, linhas_totais=32976
2026-03-16 13:53:49 | INFO     | bank_credit_pipeline.probe |    32976 linhas, 10 colunas, tipo usado=2
2026-03-16 13:53:49 | INFO     | bank_credit_pipeline.probe |    Relatório 'passivo' (código=3)...
2026-03-16 13:53:49 | DEBUG    | bank_credit_pipeline.sources.ifdata._make_request | Requisição (tentativa 1): https://olinda.bcb.gov.br/olinda/servico/IFDATA/versao/v1/odata/IfDataValores(AnoMes=@AnoMes,TipoInstituicao=@TipoInstituicao,Relatorio=@Relatorio)?@AnoMes=202506&@TipoInstituicao=2&@Relatorio='3'&$format=json&$top=10000
2026-03-16 13:54:06 | DEBUG    | bank_credit_pipeline.sources.ifdata._make_request | URL final enviada: https://olinda.bcb.gov.br/olinda/servico/IFDATA/versao/v1/odata/IfDataValores(AnoMes=@AnoMes,TipoInstituicao=@TipoInstituicao,Relatorio=@Relatorio)?@AnoMes=202506&@TipoInstituicao=2&@Relatorio='3'&$format=json&$top=10000
2026-03-16 13:54:06 | INFO     | bank_credit_pipeline.sources.ifdata.get_report_data | Relatório 3, período=202506, tipo=2, página=1, linhas=10000
2026-03-16 13:54:06 | DEBUG    | bank_credit_pipeline.sources.ifdata._make_request | Requisição (tentativa 1): https://olinda.bcb.gov.br/olinda/servico/IFDATA/versao/v1/odata/IfDataValores(AnoMes=@AnoMes,TipoInstituicao=@TipoInstituicao,Relatorio=@Relatorio)?@AnoMes=202506&@TipoInstituicao=2&@Relatorio='3'&$format=json&$top=10000&$skip=10000
2026-03-16 13:54:46 | DEBUG    | bank_credit_pipeline.sources.ifdata._make_request | URL final enviada: https://olinda.bcb.gov.br/olinda/servico/IFDATA/versao/v1/odata/IfDataValores(AnoMes=@AnoMes,TipoInstituicao=@TipoInstituicao,Relatorio=@Relatorio)?@AnoMes=202506&@TipoInstituicao=2&@Relatorio='3'&$format=json&$top=10000&$skip=10000
2026-03-16 13:54:46 | INFO     | bank_credit_pipeline.sources.ifdata.get_report_data | Relatório 3, período=202506, tipo=2, página=2, linhas=10000
2026-03-16 13:54:46 | DEBUG    | bank_credit_pipeline.sources.ifdata._make_request | Requisição (tentativa 1): https://olinda.bcb.gov.br/olinda/servico/IFDATA/versao/v1/odata/IfDataValores(AnoMes=@AnoMes,TipoInstituicao=@TipoInstituicao,Relatorio=@Relatorio)?@AnoMes=202506&@TipoInstituicao=2&@Relatorio='3'&$format=json&$top=10000&$skip=20000
2026-03-16 13:55:02 | DEBUG    | bank_credit_pipeline.sources.ifdata._make_request | URL final enviada: https://olinda.bcb.gov.br/olinda/servico/IFDATA/versao/v1/odata/IfDataValores(AnoMes=@AnoMes,TipoInstituicao=@TipoInstituicao,Relatorio=@Relatorio)?@AnoMes=202506&@TipoInstituicao=2&@Relatorio='3'&$format=json&$top=10000&$skip=20000
2026-03-16 13:55:02 | INFO     | bank_credit_pipeline.sources.ifdata.get_report_data | Relatório 3, período=202506, tipo=2, página=3, linhas=10000
2026-03-16 13:55:02 | DEBUG    | bank_credit_pipeline.sources.ifdata._make_request | Requisição (tentativa 1): https://olinda.bcb.gov.br/olinda/servico/IFDATA/versao/v1/odata/IfDataValores(AnoMes=@AnoMes,TipoInstituicao=@TipoInstituicao,Relatorio=@Relatorio)?@AnoMes=202506&@TipoInstituicao=2&@Relatorio='3'&$format=json&$top=10000&$skip=30000
2026-03-16 13:55:17 | DEBUG    | bank_credit_pipeline.sources.ifdata._make_request | URL final enviada: https://olinda.bcb.gov.br/olinda/servico/IFDATA/versao/v1/odata/IfDataValores(AnoMes=@AnoMes,TipoInstituicao=@TipoInstituicao,Relatorio=@Relatorio)?@AnoMes=202506&@TipoInstituicao=2&@Relatorio='3'&$format=json&$top=10000&$skip=30000
2026-03-16 13:55:17 | INFO     | bank_credit_pipeline.sources.ifdata.get_report_data | Relatório 3, período=202506, tipo=2, página=4, linhas=228
2026-03-16 13:55:17 | INFO     | bank_credit_pipeline.sources.ifdata.get_report_data | Relatório extraído: período=202506, tipo=2, relatório=3, linhas_totais=30228
2026-03-16 13:55:17 | INFO     | bank_credit_pipeline.probe |    30228 linhas, 10 colunas, tipo usado=2
2026-03-16 13:55:17 | INFO     | bank_credit_pipeline.probe |    Relatório 'dre' (código=4)...
2026-03-16 13:55:17 | DEBUG    | bank_credit_pipeline.sources.ifdata._make_request | Requisição (tentativa 1): https://olinda.bcb.gov.br/olinda/servico/IFDATA/versao/v1/odata/IfDataValores(AnoMes=@AnoMes,TipoInstituicao=@TipoInstituicao,Relatorio=@Relatorio)?@AnoMes=202506&@TipoInstituicao=2&@Relatorio='4'&$format=json&$top=10000
2026-03-16 13:55:38 | DEBUG    | bank_credit_pipeline.sources.ifdata._make_request | URL final enviada: https://olinda.bcb.gov.br/olinda/servico/IFDATA/versao/v1/odata/IfDataValores(AnoMes=@AnoMes,TipoInstituicao=@TipoInstituicao,Relatorio=@Relatorio)?@AnoMes=202506&@TipoInstituicao=2&@Relatorio='4'&$format=json&$top=10000
2026-03-16 13:55:38 | INFO     | bank_credit_pipeline.sources.ifdata.get_report_data | Relatório 4, período=202506, tipo=2, página=1, linhas=10000
2026-03-16 13:55:38 | DEBUG    | bank_credit_pipeline.sources.ifdata._make_request | Requisição (tentativa 1): https://olinda.bcb.gov.br/olinda/servico/IFDATA/versao/v1/odata/IfDataValores(AnoMes=@AnoMes,TipoInstituicao=@TipoInstituicao,Relatorio=@Relatorio)?@AnoMes=202506&@TipoInstituicao=2&@Relatorio='4'&$format=json&$top=10000&$skip=10000
2026-03-16 13:55:57 | DEBUG    | bank_credit_pipeline.sources.ifdata._make_request | URL final enviada: https://olinda.bcb.gov.br/olinda/servico/IFDATA/versao/v1/odata/IfDataValores(AnoMes=@AnoMes,TipoInstituicao=@TipoInstituicao,Relatorio=@Relatorio)?@AnoMes=202506&@TipoInstituicao=2&@Relatorio='4'&$format=json&$top=10000&$skip=10000
2026-03-16 13:55:57 | INFO     | bank_credit_pipeline.sources.ifdata.get_report_data | Relatório 4, período=202506, tipo=2, página=2, linhas=10000
2026-03-16 13:55:57 | DEBUG    | bank_credit_pipeline.sources.ifdata._make_request | Requisição (tentativa 1): https://olinda.bcb.gov.br/olinda/servico/IFDATA/versao/v1/odata/IfDataValores(AnoMes=@AnoMes,TipoInstituicao=@TipoInstituicao,Relatorio=@Relatorio)?@AnoMes=202506&@TipoInstituicao=2&@Relatorio='4'&$format=json&$top=10000&$skip=20000
2026-03-16 13:56:16 | DEBUG    | bank_credit_pipeline.sources.ifdata._make_request | URL final enviada: https://olinda.bcb.gov.br/olinda/servico/IFDATA/versao/v1/odata/IfDataValores(AnoMes=@AnoMes,TipoInstituicao=@TipoInstituicao,Relatorio=@Relatorio)?@AnoMes=202506&@TipoInstituicao=2&@Relatorio='4'&$format=json&$top=10000&$skip=20000
2026-03-16 13:56:16 | INFO     | bank_credit_pipeline.sources.ifdata.get_report_data | Relatório 4, período=202506, tipo=2, página=3, linhas=10000
2026-03-16 13:56:16 | DEBUG    | bank_credit_pipeline.sources.ifdata._make_request | Requisição (tentativa 1): https://olinda.bcb.gov.br/olinda/servico/IFDATA/versao/v1/odata/IfDataValores(AnoMes=@AnoMes,TipoInstituicao=@TipoInstituicao,Relatorio=@Relatorio)?@AnoMes=202506&@TipoInstituicao=2&@Relatorio='4'&$format=json&$top=10000&$skip=30000
2026-03-16 13:56:35 | DEBUG    | bank_credit_pipeline.sources.ifdata._make_request | URL final enviada: https://olinda.bcb.gov.br/olinda/servico/IFDATA/versao/v1/odata/IfDataValores(AnoMes=@AnoMes,TipoInstituicao=@TipoInstituicao,Relatorio=@Relatorio)?@AnoMes=202506&@TipoInstituicao=2&@Relatorio='4'&$format=json&$top=10000&$skip=30000
2026-03-16 13:56:35 | INFO     | bank_credit_pipeline.sources.ifdata.get_report_data | Relatório 4, período=202506, tipo=2, página=4, linhas=10000
2026-03-16 13:56:35 | DEBUG    | bank_credit_pipeline.sources.ifdata._make_request | Requisição (tentativa 1): https://olinda.bcb.gov.br/olinda/servico/IFDATA/versao/v1/odata/IfDataValores(AnoMes=@AnoMes,TipoInstituicao=@TipoInstituicao,Relatorio=@Relatorio)?@AnoMes=202506&@TipoInstituicao=2&@Relatorio='4'&$format=json&$top=10000&$skip=40000
2026-03-16 13:56:54 | DEBUG    | bank_credit_pipeline.sources.ifdata._make_request | URL final enviada: https://olinda.bcb.gov.br/olinda/servico/IFDATA/versao/v1/odata/IfDataValores(AnoMes=@AnoMes,TipoInstituicao=@TipoInstituicao,Relatorio=@Relatorio)?@AnoMes=202506&@TipoInstituicao=2&@Relatorio='4'&$format=json&$top=10000&$skip=40000
2026-03-16 13:56:54 | INFO     | bank_credit_pipeline.sources.ifdata.get_report_data | Relatório 4, período=202506, tipo=2, página=5, linhas=10000
2026-03-16 13:56:54 | DEBUG    | bank_credit_pipeline.sources.ifdata._make_request | Requisição (tentativa 1): https://olinda.bcb.gov.br/olinda/servico/IFDATA/versao/v1/odata/IfDataValores(AnoMes=@AnoMes,TipoInstituicao=@TipoInstituicao,Relatorio=@Relatorio)?@AnoMes=202506&@TipoInstituicao=2&@Relatorio='4'&$format=json&$top=10000&$skip=50000
2026-03-16 13:57:12 | DEBUG    | bank_credit_pipeline.sources.ifdata._make_request | URL final enviada: https://olinda.bcb.gov.br/olinda/servico/IFDATA/versao/v1/odata/IfDataValores(AnoMes=@AnoMes,TipoInstituicao=@TipoInstituicao,Relatorio=@Relatorio)?@AnoMes=202506&@TipoInstituicao=2&@Relatorio='4'&$format=json&$top=10000&$skip=50000
2026-03-16 13:57:12 | INFO     | bank_credit_pipeline.sources.ifdata.get_report_data | Relatório 4, período=202506, tipo=2, página=6, linhas=10000
2026-03-16 13:57:12 | DEBUG    | bank_credit_pipeline.sources.ifdata._make_request | Requisição (tentativa 1): https://olinda.bcb.gov.br/olinda/servico/IFDATA/versao/v1/odata/IfDataValores(AnoMes=@AnoMes,TipoInstituicao=@TipoInstituicao,Relatorio=@Relatorio)?@AnoMes=202506&@TipoInstituicao=2&@Relatorio='4'&$format=json&$top=10000&$skip=60000
2026-03-16 13:57:30 | DEBUG    | bank_credit_pipeline.sources.ifdata._make_request | URL final enviada: https://olinda.bcb.gov.br/olinda/servico/IFDATA/versao/v1/odata/IfDataValores(AnoMes=@AnoMes,TipoInstituicao=@TipoInstituicao,Relatorio=@Relatorio)?@AnoMes=202506&@TipoInstituicao=2&@Relatorio='4'&$format=json&$top=10000&$skip=60000
2026-03-16 13:57:30 | INFO     | bank_credit_pipeline.sources.ifdata.get_report_data | Relatório 4, período=202506, tipo=2, página=7, linhas=10000
2026-03-16 13:57:30 | DEBUG    | bank_credit_pipeline.sources.ifdata._make_request | Requisição (tentativa 1): https://olinda.bcb.gov.br/olinda/servico/IFDATA/versao/v1/odata/IfDataValores(AnoMes=@AnoMes,TipoInstituicao=@TipoInstituicao,Relatorio=@Relatorio)?@AnoMes=202506&@TipoInstituicao=2&@Relatorio='4'&$format=json&$top=10000&$skip=70000
2026-03-16 13:57:46 | DEBUG    | bank_credit_pipeline.sources.ifdata._make_request | URL final enviada: https://olinda.bcb.gov.br/olinda/servico/IFDATA/versao/v1/odata/IfDataValores(AnoMes=@AnoMes,TipoInstituicao=@TipoInstituicao,Relatorio=@Relatorio)?@AnoMes=202506&@TipoInstituicao=2&@Relatorio='4'&$format=json&$top=10000&$skip=70000
2026-03-16 13:57:46 | INFO     | bank_credit_pipeline.sources.ifdata.get_report_data | Relatório 4, período=202506, tipo=2, página=8, linhas=1448
2026-03-16 13:57:46 | INFO     | bank_credit_pipeline.sources.ifdata.get_report_data | Relatório extraído: período=202506, tipo=2, relatório=4, linhas_totais=71448
2026-03-16 13:57:46 | INFO     | bank_credit_pipeline.probe |    71448 linhas, 10 colunas, tipo usado=2
2026-03-16 13:57:55 | INFO     | bank_credit_pipeline.probe |    Relatório 'capital' (código=5)...
2026-03-16 13:57:55 | DEBUG    | bank_credit_pipeline.sources.ifdata._make_request | Requisição (tentativa 1): https://olinda.bcb.gov.br/olinda/servico/IFDATA/versao/v1/odata/IfDataValores(AnoMes=@AnoMes,TipoInstituicao=@TipoInstituicao,Relatorio=@Relatorio)?@AnoMes=202506&@TipoInstituicao=2&@Relatorio='5'&$format=json&$top=10000
2026-03-16 13:58:08 | DEBUG    | bank_credit_pipeline.sources.ifdata._make_request | URL final enviada: https://olinda.bcb.gov.br/olinda/servico/IFDATA/versao/v1/odata/IfDataValores(AnoMes=@AnoMes,TipoInstituicao=@TipoInstituicao,Relatorio=@Relatorio)?@AnoMes=202506&@TipoInstituicao=2&@Relatorio='5'&$format=json&$top=10000
2026-03-16 13:58:08 | INFO     | bank_credit_pipeline.sources.ifdata.get_report_data | Relatório 5, período=202506, tipo=2, página=1, linhas=0
2026-03-16 13:58:08 | INFO     | bank_credit_pipeline.sources.ifdata.get_report_data | Relatório extraído: período=202506, tipo=2, relatório=5, linhas_totais=0
2026-03-16 13:58:08 | DEBUG    | bank_credit_pipeline.sources.ifdata._make_request | Requisição (tentativa 1): https://olinda.bcb.gov.br/olinda/servico/IFDATA/versao/v1/odata/IfDataValores(AnoMes=@AnoMes,TipoInstituicao=@TipoInstituicao,Relatorio=@Relatorio)?@AnoMes=202506&@TipoInstituicao=3&@Relatorio='5'&$format=json&$top=10000
2026-03-16 13:58:20 | DEBUG    | bank_credit_pipeline.sources.ifdata._make_request | URL final enviada: https://olinda.bcb.gov.br/olinda/servico/IFDATA/versao/v1/odata/IfDataValores(AnoMes=@AnoMes,TipoInstituicao=@TipoInstituicao,Relatorio=@Relatorio)?@AnoMes=202506&@TipoInstituicao=3&@Relatorio='5'&$format=json&$top=10000
2026-03-16 13:58:20 | INFO     | bank_credit_pipeline.sources.ifdata.get_report_data | Relatório 5, período=202506, tipo=3, página=1, linhas=0
2026-03-16 13:58:20 | INFO     | bank_credit_pipeline.sources.ifdata.get_report_data | Relatório extraído: período=202506, tipo=3, relatório=5, linhas_totais=0
2026-03-16 13:58:20 | WARNING  | bank_credit_pipeline.probe |    VAZIO ou FALHA
2026-03-16 13:58:20 | INFO     | bank_credit_pipeline.probe |    Relatório 'credito_indexador' (código=7)...
2026-03-16 13:58:20 | DEBUG    | bank_credit_pipeline.sources.ifdata._make_request | Requisição (tentativa 1): https://olinda.bcb.gov.br/olinda/servico/IFDATA/versao/v1/odata/IfDataValores(AnoMes=@AnoMes,TipoInstituicao=@TipoInstituicao,Relatorio=@Relatorio)?@AnoMes=202506&@TipoInstituicao=2&@Relatorio='7'&$format=json&$top=10000
2026-03-16 13:58:45 | DEBUG    | bank_credit_pipeline.sources.ifdata._make_request | URL final enviada: https://olinda.bcb.gov.br/olinda/servico/IFDATA/versao/v1/odata/IfDataValores(AnoMes=@AnoMes,TipoInstituicao=@TipoInstituicao,Relatorio=@Relatorio)?@AnoMes=202506&@TipoInstituicao=2&@Relatorio='7'&$format=json&$top=10000
2026-03-16 13:58:45 | INFO     | bank_credit_pipeline.sources.ifdata.get_report_data | Relatório 7, período=202506, tipo=2, página=1, linhas=0
2026-03-16 13:58:45 | INFO     | bank_credit_pipeline.sources.ifdata.get_report_data | Relatório extraído: período=202506, tipo=2, relatório=7, linhas_totais=0
2026-03-16 13:58:45 | DEBUG    | bank_credit_pipeline.sources.ifdata._make_request | Requisição (tentativa 1): https://olinda.bcb.gov.br/olinda/servico/IFDATA/versao/v1/odata/IfDataValores(AnoMes=@AnoMes,TipoInstituicao=@TipoInstituicao,Relatorio=@Relatorio)?@AnoMes=202506&@TipoInstituicao=3&@Relatorio='7'&$format=json&$top=10000
2026-03-16 13:58:57 | DEBUG    | bank_credit_pipeline.sources.ifdata._make_request | URL final enviada: https://olinda.bcb.gov.br/olinda/servico/IFDATA/versao/v1/odata/IfDataValores(AnoMes=@AnoMes,TipoInstituicao=@TipoInstituicao,Relatorio=@Relatorio)?@AnoMes=202506&@TipoInstituicao=3&@Relatorio='7'&$format=json&$top=10000
2026-03-16 13:58:57 | INFO     | bank_credit_pipeline.sources.ifdata.get_report_data | Relatório 7, período=202506, tipo=3, página=1, linhas=0
2026-03-16 13:58:57 | INFO     | bank_credit_pipeline.sources.ifdata.get_report_data | Relatório extraído: período=202506, tipo=3, relatório=7, linhas_totais=0
2026-03-16 13:58:57 | WARNING  | bank_credit_pipeline.probe |    VAZIO ou FALHA
2026-03-16 13:58:57 | INFO     | bank_credit_pipeline.probe |    Relatório 'credito' (código=8)...
2026-03-16 13:58:57 | DEBUG    | bank_credit_pipeline.sources.ifdata._make_request | Requisição (tentativa 1): https://olinda.bcb.gov.br/olinda/servico/IFDATA/versao/v1/odata/IfDataValores(AnoMes=@AnoMes,TipoInstituicao=@TipoInstituicao,Relatorio=@Relatorio)?@AnoMes=202506&@TipoInstituicao=2&@Relatorio='8'&$format=json&$top=10000
2026-03-16 13:59:10 | DEBUG    | bank_credit_pipeline.sources.ifdata._make_request | URL final enviada: https://olinda.bcb.gov.br/olinda/servico/IFDATA/versao/v1/odata/IfDataValores(AnoMes=@AnoMes,TipoInstituicao=@TipoInstituicao,Relatorio=@Relatorio)?@AnoMes=202506&@TipoInstituicao=2&@Relatorio='8'&$format=json&$top=10000
2026-03-16 13:59:10 | INFO     | bank_credit_pipeline.sources.ifdata.get_report_data | Relatório 8, período=202506, tipo=2, página=1, linhas=0
2026-03-16 13:59:10 | INFO     | bank_credit_pipeline.sources.ifdata.get_report_data | Relatório extraído: período=202506, tipo=2, relatório=8, linhas_totais=0
2026-03-16 13:59:10 | DEBUG    | bank_credit_pipeline.sources.ifdata._make_request | Requisição (tentativa 1): https://olinda.bcb.gov.br/olinda/servico/IFDATA/versao/v1/odata/IfDataValores(AnoMes=@AnoMes,TipoInstituicao=@TipoInstituicao,Relatorio=@Relatorio)?@AnoMes=202506&@TipoInstituicao=3&@Relatorio='8'&$format=json&$top=10000
2026-03-16 13:59:23 | DEBUG    | bank_credit_pipeline.sources.ifdata._make_request | URL final enviada: https://olinda.bcb.gov.br/olinda/servico/IFDATA/versao/v1/odata/IfDataValores(AnoMes=@AnoMes,TipoInstituicao=@TipoInstituicao,Relatorio=@Relatorio)?@AnoMes=202506&@TipoInstituicao=3&@Relatorio='8'&$format=json&$top=10000
2026-03-16 13:59:23 | INFO     | bank_credit_pipeline.sources.ifdata.get_report_data | Relatório 8, período=202506, tipo=3, página=1, linhas=0
2026-03-16 13:59:23 | INFO     | bank_credit_pipeline.sources.ifdata.get_report_data | Relatório extraído: período=202506, tipo=3, relatório=8, linhas_totais=0
2026-03-16 13:59:23 | WARNING  | bank_credit_pipeline.probe |    VAZIO ou FALHA
2026-03-16 13:59:23 | INFO     | bank_credit_pipeline.probe | Mapa de colunas salvo: C:\Users\iago.souza\OneDrive - Solis Investimentos\Área de Trabalho\Codes\dashboard-bancos\bank_credit_pipeline\output\probe\probe_column_map.csv
2026-03-16 13:59:23 | INFO     | bank_credit_pipeline.probe | --------------------------------------------------
2026-03-16 13:59:23 | INFO     | bank_credit_pipeline.probe | 4b. Analisando se DRE é acumulada ou trimestral...
2026-03-16 13:59:23 | DEBUG    | bank_credit_pipeline.sources.ifdata._make_request | Requisição (tentativa 1): https://olinda.bcb.gov.br/olinda/servico/IFDATA/versao/v1/odata/IfDataValores(AnoMes=@AnoMes,TipoInstituicao=@TipoInstituicao,Relatorio=@Relatorio)?@AnoMes=202503&@TipoInstituicao=2&@Relatorio='1'&$format=json&$top=10000
2026-03-16 13:59:51 | DEBUG    | bank_credit_pipeline.sources.ifdata._make_request | URL final enviada: https://olinda.bcb.gov.br/olinda/servico/IFDATA/versao/v1/odata/IfDataValores(AnoMes=@AnoMes,TipoInstituicao=@TipoInstituicao,Relatorio=@Relatorio)?@AnoMes=202503&@TipoInstituicao=2&@Relatorio='1'&$format=json&$top=10000
2026-03-16 13:59:51 | INFO     | bank_credit_pipeline.sources.ifdata.get_report_data | Relatório 1, período=202503, tipo=2, página=1, linhas=9541
2026-03-16 13:59:51 | INFO     | bank_credit_pipeline.sources.ifdata.get_report_data | Relatório extraído: período=202503, tipo=2, relatório=1, linhas_totais=9541
2026-03-16 13:59:51 | DEBUG    | bank_credit_pipeline.sources.ifdata.get_report_data | Cache hit relatório: (202506, 2, '1')
2026-03-16 13:59:51 | DEBUG    | bank_credit_pipeline.sources.ifdata._make_request | Requisição (tentativa 1): https://olinda.bcb.gov.br/olinda/servico/IFDATA/versao/v1/odata/IfDataValores(AnoMes=@AnoMes,TipoInstituicao=@TipoInstituicao,Relatorio=@Relatorio)?@AnoMes=202509&@TipoInstituicao=2&@Relatorio='1'&$format=json&$top=10000
2026-03-16 14:00:12 | DEBUG    | bank_credit_pipeline.sources.ifdata._make_request | URL final enviada: https://olinda.bcb.gov.br/olinda/servico/IFDATA/versao/v1/odata/IfDataValores(AnoMes=@AnoMes,TipoInstituicao=@TipoInstituicao,Relatorio=@Relatorio)?@AnoMes=202509&@TipoInstituicao=2&@Relatorio='1'&$format=json&$top=10000
2026-03-16 14:00:12 | INFO     | bank_credit_pipeline.sources.ifdata.get_report_data | Relatório 1, período=202509, tipo=2, página=1, linhas=9723
2026-03-16 14:00:12 | INFO     | bank_credit_pipeline.sources.ifdata.get_report_data | Relatório extraído: período=202509, tipo=2, relatório=1, linhas_totais=9723
2026-03-16 14:00:12 | DEBUG    | bank_credit_pipeline.sources.ifdata._make_request | Requisição (tentativa 1): https://olinda.bcb.gov.br/olinda/servico/IFDATA/versao/v1/odata/IfDataValores(AnoMes=@AnoMes,TipoInstituicao=@TipoInstituicao,Relatorio=@Relatorio)?@AnoMes=202512&@TipoInstituicao=2&@Relatorio='1'&$format=json&$top=10000
2026-03-16 14:00:25 | DEBUG    | bank_credit_pipeline.sources.ifdata._make_request | URL final enviada: https://olinda.bcb.gov.br/olinda/servico/IFDATA/versao/v1/odata/IfDataValores(AnoMes=@AnoMes,TipoInstituicao=@TipoInstituicao,Relatorio=@Relatorio)?@AnoMes=202512&@TipoInstituicao=2&@Relatorio='1'&$format=json&$top=10000
2026-03-16 14:00:25 | INFO     | bank_credit_pipeline.sources.ifdata.get_report_data | Relatório 1, período=202512, tipo=2, página=1, linhas=0
2026-03-16 14:00:25 | INFO     | bank_credit_pipeline.sources.ifdata.get_report_data | Relatório extraído: período=202512, tipo=2, relatório=1, linhas_totais=0
2026-03-16 14:00:25 | DEBUG    | bank_credit_pipeline.sources.ifdata._make_request | Requisição (tentativa 1): https://olinda.bcb.gov.br/olinda/servico/IFDATA/versao/v1/odata/IfDataValores(AnoMes=@AnoMes,TipoInstituicao=@TipoInstituicao,Relatorio=@Relatorio)?@AnoMes=202512&@TipoInstituicao=3&@Relatorio='1'&$format=json&$top=10000
2026-03-16 14:00:37 | DEBUG    | bank_credit_pipeline.sources.ifdata._make_request | URL final enviada: https://olinda.bcb.gov.br/olinda/servico/IFDATA/versao/v1/odata/IfDataValores(AnoMes=@AnoMes,TipoInstituicao=@TipoInstituicao,Relatorio=@Relatorio)?@AnoMes=202512&@TipoInstituicao=3&@Relatorio='1'&$format=json&$top=10000
2026-03-16 14:00:37 | INFO     | bank_credit_pipeline.sources.ifdata.get_report_data | Relatório 1, período=202512, tipo=3, página=1, linhas=0
2026-03-16 14:00:37 | INFO     | bank_credit_pipeline.sources.ifdata.get_report_data | Relatório extraído: período=202512, tipo=3, relatório=1, linhas_totais=0
2026-03-16 14:00:37 | INFO     | bank_credit_pipeline.probe | Resumo salvo: C:\Users\iago.souza\OneDrive - Solis Investimentos\Área de Trabalho\Codes\dashboard-bancos\bank_credit_pipeline\output\probe\probe_summary.txt
2026-03-16 14:00:37 | INFO     | bank_credit_pipeline.probe | ======================================================================
2026-03-16 14:00:37 | INFO     | bank_credit_pipeline.probe | RESUMO DA SONDAGEM
2026-03-16 14:00:37 | INFO     | bank_credit_pipeline.probe | ======================================================================
2026-03-16 14:00:37 | INFO     | bank_credit_pipeline.probe | Métricas com match: 3
2026-03-16 14:00:37 | INFO     | bank_credit_pipeline.probe | Métricas sem match: 1
2026-03-16 14:00:37 | WARNING  | bank_credit_pipeline.probe | AÇÃO NECESSÁRIA: revise probe_column_map.csv e ajuste METRIC_FIELD_MAP em settings.py
2026-03-16 14:00:37 | INFO     | bank_credit_pipeline.probe | Arquivos gerados em C:\Users\iago.souza\OneDrive - Solis Investimentos\Área de Trabalho\Codes\dashboard-bancos\bank_credit_pipeline\output\probe/
2026-03-16 14:00:37 | INFO     | bank_credit_pipeline.probe | ======================================================================
